main.c:120:6:HAL_TIM_PeriodElapsedCallback	120	static
main.c:177:6:arrangeData	24	static
main.c:243:5:main	128	static
main.c:374:6:SystemClock_Config	72	static
main.c:410:13:MX_SPI1_Init	8	static
main.c:446:13:MX_SPI2_Init	8	static
main.c:482:13:MX_TIM1_Init	32	static
main.c:525:13:MX_TIM3_Init	48	static
main.c:576:13:MX_TIM4_Init	48	static
main.c:627:13:MX_USART1_UART_Init	8	static
main.c:658:13:MX_USART3_UART_Init	8	static
main.c:689:13:MX_GPIO_Init	40	static
main.c:727:6:Error_Handler	4	static,ignoring_inline_asm
